Archive member included because of file (symbol)

/opt/CodeSourcery/Sourcery_G++_Lite/bin/../lib/gcc/arm-none-eabi/4.5.2/../../../../arm-none-eabi/lib/thumb2/libc.a(lib_a-memcpy.o)
                              CMakeFiles/main.dir/src/msc_scsi.c.obj (memcpy)

Allocating common symbols
Common symbol       size              file

Fat_RootDir         0x600             CMakeFiles/main.dir/src/diskimage.c.obj
param_table         0x14              CMakeFiles/main.dir/src/sbl_iap.c.obj
result_table        0x14              CMakeFiles/main.dir/src/sbl_iap.c.obj
user_flash_erased   0x4               CMakeFiles/main.dir/src/main.c.obj
flash_buf           0x200             CMakeFiles/main.dir/src/sbl_iap.c.obj

Memory Configuration

Name             Origin             Length             Attributes
MFlash512        0x00000000         0x00080000         xr
RamLoc32         0x10000000         0x00007fe0         xrw
RamAHB32         0x2007c000         0x00008000         xrw
*default*        0x00000000         0xffffffff

Linker script and memory map

LOAD /opt/CodeSourcery/Sourcery_G++_Lite/bin/../lib/gcc/arm-none-eabi/4.5.2/thumb2/crti.o
LOAD /opt/CodeSourcery/Sourcery_G++_Lite/bin/../lib/gcc/arm-none-eabi/4.5.2/thumb2/crtbegin.o
LOAD CMakeFiles/main.dir/src/main.c.obj
LOAD CMakeFiles/main.dir/src/msc_bot.c.obj
LOAD CMakeFiles/main.dir/src/msc_scsi.c.obj
LOAD CMakeFiles/main.dir/src/msc_usb_start.c.obj
LOAD CMakeFiles/main.dir/src/sbl_iap.c.obj
LOAD CMakeFiles/main.dir/src/blockdev_flash.c.obj
LOAD CMakeFiles/main.dir/src/diskimage.c.obj
LOAD CMakeFiles/main.dir/usbstack/src/usbcontrol.c.obj
LOAD CMakeFiles/main.dir/usbstack/src/usbhw_lpc.c.obj
LOAD CMakeFiles/main.dir/usbstack/src/usbinit.c.obj
LOAD CMakeFiles/main.dir/usbstack/src/usbstdreq.c.obj
LOAD CMakeFiles/main.dir/mnt/dados/Works/ARM/code/CMSIS/src/core_cm3.c.obj
LOAD CMakeFiles/main.dir/mnt/dados/Works/ARM/code/CMSIS/src/system_lpc17xx.c.obj
LOAD CMakeFiles/main.dir/mnt/dados/Works/ARM/code/basefiles/startup_lpc17xx.c.obj
LOAD /opt/CodeSourcery/Sourcery_G++_Lite/bin/../lib/gcc/arm-none-eabi/4.5.2/../../../../arm-none-eabi/lib/thumb2/libm.a
START GROUP
LOAD /opt/CodeSourcery/Sourcery_G++_Lite/bin/../lib/gcc/arm-none-eabi/4.5.2/thumb2/libgcc.a
LOAD /opt/CodeSourcery/Sourcery_G++_Lite/bin/../lib/gcc/arm-none-eabi/4.5.2/../../../../arm-none-eabi/lib/thumb2/libc.a
END GROUP
LOAD /opt/CodeSourcery/Sourcery_G++_Lite/bin/../lib/gcc/arm-none-eabi/4.5.2/thumb2/crtend.o
LOAD /opt/CodeSourcery/Sourcery_G++_Lite/bin/../lib/gcc/arm-none-eabi/4.5.2/thumb2/crtn.o
                0x00080000                __top_MFlash512 = 0x80000
                0x10007fe0                __top_RamLoc32 = 0x10007fe0
                0x20084000                __top_RamAHB32 = 0x20084000

.text           0x00000000     0x1ca0
 FILL mask 0xff
 *(.isr_vector)
 .isr_vector    0x00000000       0xcc CMakeFiles/main.dir/mnt/dados/Works/ARM/code/basefiles/startup_lpc17xx.c.obj
                0x00000000                g_pfnVectors
                0x000000cc                . = ALIGN (0x4)
                0x000000cc                __section_table_start = .
                0x000000cc                __data_section_table = .
                0x000000cc        0x4 LONG 0x1cb8 LOADADDR (.data)
                0x000000d0        0x4 LONG 0x10000000 ADDR (.data)
                0x000000d4        0x4 LONG 0x8 SIZEOF (.data)
                0x000000d8        0x4 LONG 0x1cb8 LOADADDR (.data_RAM2)
                0x000000dc        0x4 LONG 0x2007c000 ADDR (.data_RAM2)
                0x000000e0        0x4 LONG 0x0 SIZEOF (.data_RAM2)
                0x000000e4                __data_section_table_end = .
                0x000000e4                __bss_section_table = .
                0x000000e4        0x4 LONG 0x10000014 ADDR (.bss)
                0x000000e8        0x4 LONG 0xb10 SIZEOF (.bss)
                0x000000ec        0x4 LONG 0x2007c000 ADDR (.bss_RAM2)
                0x000000f0        0x4 LONG 0x0 SIZEOF (.bss_RAM2)
                0x000000f4                __bss_section_table_end = .
                0x000000f4                __section_table_end = .
 *(.after_vectors*)
 .after_vectors
                0x000000f4       0xec CMakeFiles/main.dir/mnt/dados/Works/ARM/code/basefiles/startup_lpc17xx.c.obj
                0x000000f4                NMI_Handler
                0x000000f8                HardFault_Handler
                0x000000fc                MemManage_Handler
                0x00000100                BusFault_Handler
                0x00000104                UsageFault_Handler
                0x00000108                SVCall_Handler
                0x0000010c                DebugMon_Handler
                0x00000110                PendSV_Handler
                0x00000114                SysTick_Handler
                0x00000118                ResetISR
                0x00000178                data_init
                0x000001ac                bss_init
                0x000001dc                TIMER2_IRQHandler
                0x000001dc                RIT_IRQHandler
                0x000001dc                I2C0_IRQHandler
                0x000001dc                USBActivity_IRQHandler
                0x000001dc                PWM1_IRQHandler
                0x000001dc                I2C1_IRQHandler
                0x000001dc                EINT2_IRQHandler
                0x000001dc                UART1_IRQHandler
                0x000001dc                EINT3_IRQHandler
                0x000001dc                CANActivity_IRQHandler
                0x000001dc                TIMER3_IRQHandler
                0x000001dc                UART0_IRQHandler
                0x000001dc                IntDefaultHandler
                0x000001dc                PLL0_IRQHandler
                0x000001dc                CAN_IRQHandler
                0x000001dc                PLL1_IRQHandler
                0x000001dc                SSP0_IRQHandler
                0x000001dc                I2S_IRQHandler
                0x000001dc                I2C2_IRQHandler
                0x000001dc                RTC_IRQHandler
                0x000001dc                TIMER0_IRQHandler
                0x000001dc                SPI_IRQHandler
                0x000001dc                EINT1_IRQHandler
                0x000001dc                TIMER1_IRQHandler
                0x000001dc                UART2_IRQHandler
                0x000001dc                ADC_IRQHandler
                0x000001dc                SSP1_IRQHandler
                0x000001dc                USB_IRQHandler
                0x000001dc                BOD_IRQHandler
                0x000001dc                WDT_IRQHandler
                0x000001dc                QEI_IRQHandler
                0x000001dc                EINT0_IRQHandler
                0x000001dc                DMA_IRQHandler
                0x000001dc                UART3_IRQHandler
                0x000001dc                MCPWM_IRQHandler
                0x000001dc                ENET_IRQHandler
 *(.text*)
 .text          0x000001e0        0x0 /opt/CodeSourcery/Sourcery_G++_Lite/bin/../lib/gcc/arm-none-eabi/4.5.2/thumb2/crti.o
 .text          0x000001e0       0x30 /opt/CodeSourcery/Sourcery_G++_Lite/bin/../lib/gcc/arm-none-eabi/4.5.2/thumb2/crtbegin.o
 .text          0x00000210        0x0 CMakeFiles/main.dir/src/main.c.obj
 .text.enter_usb_isp
                0x00000210      0x150 CMakeFiles/main.dir/src/main.c.obj
                0x00000210                enter_usb_isp
 .text.main     0x00000360       0x18 CMakeFiles/main.dir/src/main.c.obj
                0x00000360                main
 .text          0x00000378        0x0 CMakeFiles/main.dir/src/msc_bot.c.obj
 .text.BOTStall
                0x00000378       0x24 CMakeFiles/main.dir/src/msc_bot.c.obj
 .text.HandleDataIn
                0x0000039c       0xc0 CMakeFiles/main.dir/src/msc_bot.c.obj
 .text.MSCBotReset
                0x0000045c       0x10 CMakeFiles/main.dir/src/msc_bot.c.obj
                0x0000045c                MSCBotReset
 .text.MSCBotBulkOut
                0x0000046c      0x1d0 CMakeFiles/main.dir/src/msc_bot.c.obj
                0x0000046c                MSCBotBulkOut
 .text.MSCBotBulkIn
                0x0000063c       0x44 CMakeFiles/main.dir/src/msc_bot.c.obj
                0x0000063c                MSCBotBulkIn
 .text          0x00000680        0x0 CMakeFiles/main.dir/src/msc_scsi.c.obj
 .text.SCSIReset
                0x00000680        0xc CMakeFiles/main.dir/src/msc_scsi.c.obj
                0x00000680                SCSIReset
 .text.SCSIHandleCmd
                0x0000068c       0xc8 CMakeFiles/main.dir/src/msc_scsi.c.obj
                0x0000068c                SCSIHandleCmd
 .text.SCSIHandleData
                0x00000754      0x144 CMakeFiles/main.dir/src/msc_scsi.c.obj
                0x00000754                SCSIHandleData
 .text          0x00000898        0x0 CMakeFiles/main.dir/src/msc_usb_start.c.obj
 .text.HandleClassRequest
                0x00000898       0x3c CMakeFiles/main.dir/src/msc_usb_start.c.obj
 .text.usb_msc_start
                0x000008d4       0x50 CMakeFiles/main.dir/src/msc_usb_start.c.obj
                0x000008d4                usb_msc_start
 .text          0x00000924        0x0 CMakeFiles/main.dir/src/sbl_iap.c.obj
 .text.find_erase_prepare_sector
                0x00000924      0x10c CMakeFiles/main.dir/src/sbl_iap.c.obj
                0x00000924                find_erase_prepare_sector
 .text.write_flash
                0x00000a30       0xe4 CMakeFiles/main.dir/src/sbl_iap.c.obj
                0x00000a30                write_flash
 .text.write_data
                0x00000b14       0x30 CMakeFiles/main.dir/src/sbl_iap.c.obj
                0x00000b14                write_data
 .text.erase_sector
                0x00000b44       0x24 CMakeFiles/main.dir/src/sbl_iap.c.obj
                0x00000b44                erase_sector
 .text.prepare_sector
                0x00000b68       0x24 CMakeFiles/main.dir/src/sbl_iap.c.obj
                0x00000b68                prepare_sector
 .text.iap_entry
                0x00000b8c        0xc CMakeFiles/main.dir/src/sbl_iap.c.obj
                0x00000b8c                iap_entry
 .text.execute_user_code
                0x00000b98       0x1c CMakeFiles/main.dir/src/sbl_iap.c.obj
                0x00000b98                execute_user_code
 .text.user_code_present
                0x00000bb4       0x30 CMakeFiles/main.dir/src/sbl_iap.c.obj
                0x00000bb4                user_code_present
 .text.check_isp_entry_pin
                0x00000be4       0x40 CMakeFiles/main.dir/src/sbl_iap.c.obj
                0x00000be4                check_isp_entry_pin
 .text.erase_user_flash
                0x00000c24       0x68 CMakeFiles/main.dir/src/sbl_iap.c.obj
                0x00000c24                erase_user_flash
 .text          0x00000c8c        0x0 CMakeFiles/main.dir/src/blockdev_flash.c.obj
 .text.BlockDevGetSize
                0x00000c8c       0x14 CMakeFiles/main.dir/src/blockdev_flash.c.obj
                0x00000c8c                BlockDevGetSize
 .text.BlockDevWrite
                0x00000ca0       0xc4 CMakeFiles/main.dir/src/blockdev_flash.c.obj
                0x00000ca0                BlockDevWrite
 .text.BlockDevRead
                0x00000d64      0x1a4 CMakeFiles/main.dir/src/blockdev_flash.c.obj
                0x00000d64                BlockDevRead
 .text          0x00000f08        0x0 CMakeFiles/main.dir/src/diskimage.c.obj
 .text          0x00000f08        0x0 CMakeFiles/main.dir/usbstack/src/usbcontrol.c.obj
 .text.DataIn   0x00000f08       0x30 CMakeFiles/main.dir/usbstack/src/usbcontrol.c.obj
 .text.StallControlPipe.clone.0
                0x00000f38        0x8 CMakeFiles/main.dir/usbstack/src/usbcontrol.c.obj
 .text.USBHandleControlTransfer
                0x00000f40       0xe0 CMakeFiles/main.dir/usbstack/src/usbcontrol.c.obj
                0x00000f40                USBHandleControlTransfer
 .text.USBRegisterRequestHandler
                0x00001020       0x18 CMakeFiles/main.dir/usbstack/src/usbcontrol.c.obj
                0x00001020                USBRegisterRequestHandler
 .text          0x00001038        0x0 CMakeFiles/main.dir/usbstack/src/usbhw_lpc.c.obj
 .text.USBHwCmdWrite
                0x00001038       0x48 CMakeFiles/main.dir/usbstack/src/usbhw_lpc.c.obj
 .text.USBHwCmdRead
                0x00001080       0x50 CMakeFiles/main.dir/usbstack/src/usbhw_lpc.c.obj
 .text.USBHwEPConfig
                0x000010d0       0x4c CMakeFiles/main.dir/usbstack/src/usbhw_lpc.c.obj
                0x000010d0                USBHwEPConfig
 .text.USBHwRegisterEPIntHandler
                0x0000111c       0x40 CMakeFiles/main.dir/usbstack/src/usbhw_lpc.c.obj
                0x0000111c                USBHwRegisterEPIntHandler
 .text.USBHwRegisterDevIntHandler
                0x0000115c       0x1c CMakeFiles/main.dir/usbstack/src/usbhw_lpc.c.obj
                0x0000115c                USBHwRegisterDevIntHandler
 .text.USBHwRegisterFrameHandler
                0x00001178       0x1c CMakeFiles/main.dir/usbstack/src/usbhw_lpc.c.obj
                0x00001178                USBHwRegisterFrameHandler
 .text.USBHwSetAddress
                0x00001194        0xc CMakeFiles/main.dir/usbstack/src/usbhw_lpc.c.obj
                0x00001194                USBHwSetAddress
 .text.USBHwConnect
                0x000011a0        0xc CMakeFiles/main.dir/usbstack/src/usbhw_lpc.c.obj
                0x000011a0                USBHwConnect
 .text.USBHwNakIntEnable
                0x000011ac        0x8 CMakeFiles/main.dir/usbstack/src/usbhw_lpc.c.obj
                0x000011ac                USBHwNakIntEnable
 .text.USBHwEPGetStatus
                0x000011b4       0x10 CMakeFiles/main.dir/usbstack/src/usbhw_lpc.c.obj
                0x000011b4                USBHwEPGetStatus
 .text.USBHwEPStall
                0x000011c4       0x18 CMakeFiles/main.dir/usbstack/src/usbhw_lpc.c.obj
                0x000011c4                USBHwEPStall
 .text.USBHwEPWrite
                0x000011dc       0xa0 CMakeFiles/main.dir/usbstack/src/usbhw_lpc.c.obj
                0x000011dc                USBHwEPWrite
 .text.USBHwEPRead
                0x0000127c       0xe8 CMakeFiles/main.dir/usbstack/src/usbhw_lpc.c.obj
                0x0000127c                USBHwEPRead
 .text.USBHwConfigDevice
                0x00001364        0xc CMakeFiles/main.dir/usbstack/src/usbhw_lpc.c.obj
                0x00001364                USBHwConfigDevice
 .text.USBHwISR
                0x00001370       0xb8 CMakeFiles/main.dir/usbstack/src/usbhw_lpc.c.obj
                0x00001370                USBHwISR
 .text.USBHwInit
                0x00001428       0x98 CMakeFiles/main.dir/usbstack/src/usbhw_lpc.c.obj
                0x00001428                USBHwInit
 .text          0x000014c0        0x0 CMakeFiles/main.dir/usbstack/src/usbinit.c.obj
 .text.HandleUsbReset
                0x000014c0        0x4 CMakeFiles/main.dir/usbstack/src/usbinit.c.obj
 .text.USBInit  0x000014c4       0x4c CMakeFiles/main.dir/usbstack/src/usbinit.c.obj
                0x000014c4                USBInit
 .text          0x00001510        0x0 CMakeFiles/main.dir/usbstack/src/usbstdreq.c.obj
 .text.USBRegisterDescriptors
                0x00001510        0xc CMakeFiles/main.dir/usbstack/src/usbstdreq.c.obj
                0x00001510                USBRegisterDescriptors
 .text.USBGetDescriptor
                0x0000151c       0x54 CMakeFiles/main.dir/usbstack/src/usbstdreq.c.obj
                0x0000151c                USBGetDescriptor
 .text.USBHandleStandardRequest
                0x00001570      0x17c CMakeFiles/main.dir/usbstack/src/usbstdreq.c.obj
                0x00001570                USBHandleStandardRequest
 .text.USBRegisterCustomReqHandler
                0x000016ec        0xc CMakeFiles/main.dir/usbstack/src/usbstdreq.c.obj
                0x000016ec                USBRegisterCustomReqHandler
 .text          0x000016f8        0x0 CMakeFiles/main.dir/mnt/dados/Works/ARM/code/CMSIS/src/core_cm3.c.obj
 .text.__get_PSP
                0x000016f8        0x8 CMakeFiles/main.dir/mnt/dados/Works/ARM/code/CMSIS/src/core_cm3.c.obj
                0x000016f8                __get_PSP
 .text.__set_PSP
                0x00001700        0x8 CMakeFiles/main.dir/mnt/dados/Works/ARM/code/CMSIS/src/core_cm3.c.obj
                0x00001700                __set_PSP
 .text.__get_MSP
                0x00001708        0x8 CMakeFiles/main.dir/mnt/dados/Works/ARM/code/CMSIS/src/core_cm3.c.obj
                0x00001708                __get_MSP
 .text.__set_MSP
                0x00001710        0x8 CMakeFiles/main.dir/mnt/dados/Works/ARM/code/CMSIS/src/core_cm3.c.obj
                0x00001710                __set_MSP
 .text.__get_BASEPRI
                0x00001718        0x8 CMakeFiles/main.dir/mnt/dados/Works/ARM/code/CMSIS/src/core_cm3.c.obj
                0x00001718                __get_BASEPRI
 .text.__set_BASEPRI
                0x00001720        0x8 CMakeFiles/main.dir/mnt/dados/Works/ARM/code/CMSIS/src/core_cm3.c.obj
                0x00001720                __set_BASEPRI
 .text.__get_PRIMASK
                0x00001728        0x8 CMakeFiles/main.dir/mnt/dados/Works/ARM/code/CMSIS/src/core_cm3.c.obj
                0x00001728                __get_PRIMASK
 .text.__set_PRIMASK
                0x00001730        0x8 CMakeFiles/main.dir/mnt/dados/Works/ARM/code/CMSIS/src/core_cm3.c.obj
                0x00001730                __set_PRIMASK
 .text.__get_FAULTMASK
                0x00001738        0x8 CMakeFiles/main.dir/mnt/dados/Works/ARM/code/CMSIS/src/core_cm3.c.obj
                0x00001738                __get_FAULTMASK
 .text.__set_FAULTMASK
                0x00001740        0x8 CMakeFiles/main.dir/mnt/dados/Works/ARM/code/CMSIS/src/core_cm3.c.obj
                0x00001740                __set_FAULTMASK
 .text.__get_CONTROL
                0x00001748        0x8 CMakeFiles/main.dir/mnt/dados/Works/ARM/code/CMSIS/src/core_cm3.c.obj
                0x00001748                __get_CONTROL
 .text.__set_CONTROL
                0x00001750        0x8 CMakeFiles/main.dir/mnt/dados/Works/ARM/code/CMSIS/src/core_cm3.c.obj
                0x00001750                __set_CONTROL
 .text.__REV    0x00001758        0x4 CMakeFiles/main.dir/mnt/dados/Works/ARM/code/CMSIS/src/core_cm3.c.obj
                0x00001758                __REV
 .text.__REV16  0x0000175c        0x4 CMakeFiles/main.dir/mnt/dados/Works/ARM/code/CMSIS/src/core_cm3.c.obj
                0x0000175c                __REV16
 .text.__REVSH  0x00001760        0x4 CMakeFiles/main.dir/mnt/dados/Works/ARM/code/CMSIS/src/core_cm3.c.obj
                0x00001760                __REVSH
 .text.__RBIT   0x00001764        0x8 CMakeFiles/main.dir/mnt/dados/Works/ARM/code/CMSIS/src/core_cm3.c.obj
                0x00001764                __RBIT
 .text.__LDREXB
                0x0000176c        0x8 CMakeFiles/main.dir/mnt/dados/Works/ARM/code/CMSIS/src/core_cm3.c.obj
                0x0000176c                __LDREXB
 .text.__LDREXH
                0x00001774        0x8 CMakeFiles/main.dir/mnt/dados/Works/ARM/code/CMSIS/src/core_cm3.c.obj
                0x00001774                __LDREXH
 .text.__LDREXW
                0x0000177c        0x8 CMakeFiles/main.dir/mnt/dados/Works/ARM/code/CMSIS/src/core_cm3.c.obj
                0x0000177c                __LDREXW
 .text.__STREXB
                0x00001784        0x8 CMakeFiles/main.dir/mnt/dados/Works/ARM/code/CMSIS/src/core_cm3.c.obj
                0x00001784                __STREXB
 .text.__STREXH
                0x0000178c        0x8 CMakeFiles/main.dir/mnt/dados/Works/ARM/code/CMSIS/src/core_cm3.c.obj
                0x0000178c                __STREXH
 .text.__STREXW
                0x00001794        0x8 CMakeFiles/main.dir/mnt/dados/Works/ARM/code/CMSIS/src/core_cm3.c.obj
                0x00001794                __STREXW
 .text          0x0000179c        0x0 CMakeFiles/main.dir/mnt/dados/Works/ARM/code/CMSIS/src/system_lpc17xx.c.obj
 .text.SystemCoreClockUpdate
                0x0000179c       0xcc CMakeFiles/main.dir/mnt/dados/Works/ARM/code/CMSIS/src/system_lpc17xx.c.obj
                0x0000179c                SystemCoreClockUpdate
 .text.SystemInit
                0x00001868       0xe8 CMakeFiles/main.dir/mnt/dados/Works/ARM/code/CMSIS/src/system_lpc17xx.c.obj
                0x00001868                SystemInit
 .text          0x00001950        0x0 CMakeFiles/main.dir/mnt/dados/Works/ARM/code/basefiles/startup_lpc17xx.c.obj
 .text          0x00001950      0x150 /opt/CodeSourcery/Sourcery_G++_Lite/bin/../lib/gcc/arm-none-eabi/4.5.2/../../../../arm-none-eabi/lib/thumb2/libc.a(lib_a-memcpy.o)
                0x00001950                memcpy
 .text          0x00001aa0        0x0 /opt/CodeSourcery/Sourcery_G++_Lite/bin/../lib/gcc/arm-none-eabi/4.5.2/thumb2/crtend.o
 .text          0x00001aa0        0x0 /opt/CodeSourcery/Sourcery_G++_Lite/bin/../lib/gcc/arm-none-eabi/4.5.2/thumb2/crtn.o
 *(.rodata .rodata.*)
 .rodata.aiCDBLen.4599
                0x00001aa0        0x8 CMakeFiles/main.dir/src/msc_scsi.c.obj
 .rodata.abInquiry
                0x00001aa8       0x24 CMakeFiles/main.dir/src/msc_scsi.c.obj
 .rodata.abSense
                0x00001acc       0x14 CMakeFiles/main.dir/src/msc_scsi.c.obj
 .rodata.abDescriptors
                0x00001ae0       0x70 CMakeFiles/main.dir/src/msc_usb_start.c.obj
 .rodata.sector_end_map
                0x00001b50       0x78 CMakeFiles/main.dir/src/sbl_iap.c.obj
                0x00001b50                sector_end_map
 .rodata.sector_start_map
                0x00001bc8       0x78 CMakeFiles/main.dir/src/sbl_iap.c.obj
                0x00001bc8                sector_start_map
 .rodata.RootDirEntry
                0x00001c40       0x40 CMakeFiles/main.dir/src/diskimage.c.obj
                0x00001c40                RootDirEntry
 .rodata.BootSect
                0x00001c80       0x20 CMakeFiles/main.dir/src/diskimage.c.obj
                0x00001c80                BootSect
                0x00001ca0                . = ALIGN (0x4)

.glue_7         0x00001ca0        0x0
 .glue_7        0x00000000        0x0 linker stubs

.glue_7t        0x00001ca0        0x0
 .glue_7t       0x00000000        0x0 linker stubs

.vfp11_veneer   0x00001ca0        0x0
 .vfp11_veneer  0x00000000        0x0 linker stubs

.v4_bx          0x00001ca0        0x0
 .v4_bx         0x00000000        0x0 linker stubs

.init           0x00001ca0        0xc
 .init          0x00001ca0        0x4 /opt/CodeSourcery/Sourcery_G++_Lite/bin/../lib/gcc/arm-none-eabi/4.5.2/thumb2/crti.o
                0x00001ca0                _init
 .init          0x00001ca4        0x8 /opt/CodeSourcery/Sourcery_G++_Lite/bin/../lib/gcc/arm-none-eabi/4.5.2/thumb2/crtn.o

.fini           0x00001cac        0xc
 .fini          0x00001cac        0x4 /opt/CodeSourcery/Sourcery_G++_Lite/bin/../lib/gcc/arm-none-eabi/4.5.2/thumb2/crti.o
                0x00001cac                _fini
 .fini          0x00001cb0        0x8 /opt/CodeSourcery/Sourcery_G++_Lite/bin/../lib/gcc/arm-none-eabi/4.5.2/thumb2/crtn.o

.ARM.extab
 *(.ARM.extab* .gnu.linkonce.armextab.*)
                0x00001cb8                __exidx_start = .

.ARM.exidx
 *(.ARM.exidx* .gnu.linkonce.armexidx.*)
                0x00001cb8                __exidx_end = .
                0x00001cb8                _etext = .

.data_RAM2      0x2007c000        0x0 load address 0x00001cb8
 FILL mask 0xff
 *(.data.$RAM2*)
 *(.data.$RamAHB32*)
                0x2007c000                . = ALIGN (0x4)

.uninit_RESERVED
 *(.bss.$RESERVED*)

.data           0x10000000        0x8 load address 0x00001cb8
 FILL mask 0xff
                0x10000000                _data = .
 *(vtable)
 *(.data*)
 .data          0x10000000        0x0 /opt/CodeSourcery/Sourcery_G++_Lite/bin/../lib/gcc/arm-none-eabi/4.5.2/thumb2/crti.o
 .data          0x10000000        0x4 /opt/CodeSourcery/Sourcery_G++_Lite/bin/../lib/gcc/arm-none-eabi/4.5.2/thumb2/crtbegin.o
                0x10000000                __dso_handle
 .data          0x10000004        0x0 CMakeFiles/main.dir/src/main.c.obj
 .data          0x10000004        0x0 CMakeFiles/main.dir/src/msc_bot.c.obj
 .data          0x10000004        0x0 CMakeFiles/main.dir/src/msc_scsi.c.obj
 .data          0x10000004        0x0 CMakeFiles/main.dir/src/msc_usb_start.c.obj
 .data          0x10000004        0x0 CMakeFiles/main.dir/src/sbl_iap.c.obj
 .data          0x10000004        0x0 CMakeFiles/main.dir/src/blockdev_flash.c.obj
 .data          0x10000004        0x0 CMakeFiles/main.dir/src/diskimage.c.obj
 .data          0x10000004        0x0 CMakeFiles/main.dir/usbstack/src/usbcontrol.c.obj
 .data          0x10000004        0x0 CMakeFiles/main.dir/usbstack/src/usbhw_lpc.c.obj
 .data          0x10000004        0x0 CMakeFiles/main.dir/usbstack/src/usbinit.c.obj
 .data          0x10000004        0x0 CMakeFiles/main.dir/usbstack/src/usbstdreq.c.obj
 .data          0x10000004        0x0 CMakeFiles/main.dir/mnt/dados/Works/ARM/code/CMSIS/src/core_cm3.c.obj
 .data          0x10000004        0x0 CMakeFiles/main.dir/mnt/dados/Works/ARM/code/CMSIS/src/system_lpc17xx.c.obj
 .data.SystemCoreClock
                0x10000004        0x4 CMakeFiles/main.dir/mnt/dados/Works/ARM/code/CMSIS/src/system_lpc17xx.c.obj
                0x10000004                SystemCoreClock
 .data          0x10000008        0x0 CMakeFiles/main.dir/mnt/dados/Works/ARM/code/basefiles/startup_lpc17xx.c.obj
 .data          0x10000008        0x0 /opt/CodeSourcery/Sourcery_G++_Lite/bin/../lib/gcc/arm-none-eabi/4.5.2/../../../../arm-none-eabi/lib/thumb2/libc.a(lib_a-memcpy.o)
 .data          0x10000008        0x0 /opt/CodeSourcery/Sourcery_G++_Lite/bin/../lib/gcc/arm-none-eabi/4.5.2/thumb2/crtend.o
 .data          0x10000008        0x0 /opt/CodeSourcery/Sourcery_G++_Lite/bin/../lib/gcc/arm-none-eabi/4.5.2/thumb2/crtn.o
                0x10000008                . = ALIGN (0x4)
                0x10000008                _edata = .

.init_array     0x10000008        0x4 load address 0x00001cc0
 .init_array    0x10000008        0x4 /opt/CodeSourcery/Sourcery_G++_Lite/bin/../lib/gcc/arm-none-eabi/4.5.2/thumb2/crtbegin.o

.fini_array     0x1000000c        0x4 load address 0x00001cc4
 .fini_array    0x1000000c        0x4 /opt/CodeSourcery/Sourcery_G++_Lite/bin/../lib/gcc/arm-none-eabi/4.5.2/thumb2/crtbegin.o

.jcr            0x10000010        0x4 load address 0x00001cc8
 .jcr           0x10000010        0x0 /opt/CodeSourcery/Sourcery_G++_Lite/bin/../lib/gcc/arm-none-eabi/4.5.2/thumb2/crtbegin.o
 .jcr           0x10000010        0x4 /opt/CodeSourcery/Sourcery_G++_Lite/bin/../lib/gcc/arm-none-eabi/4.5.2/thumb2/crtend.o

.bss_RAM2       0x2007c000        0x0
 *(.bss.$RAM2*)
 *(.bss.$RamAHB32*)
                0x2007c000                . = ALIGN (0x4)

.bss            0x10000014      0xb10
                0x10000014                _bss = .
 *(.bss*)
 .bss           0x10000014        0x0 /opt/CodeSourcery/Sourcery_G++_Lite/bin/../lib/gcc/arm-none-eabi/4.5.2/thumb2/crti.o
 .bss           0x10000014        0x1 /opt/CodeSourcery/Sourcery_G++_Lite/bin/../lib/gcc/arm-none-eabi/4.5.2/thumb2/crtbegin.o
 .bss           0x10000015        0x0 CMakeFiles/main.dir/src/main.c.obj
 .bss           0x10000015        0x0 CMakeFiles/main.dir/src/msc_bot.c.obj
 *fill*         0x10000015        0x3 00
 .bss.dwOffset  0x10000018        0x4 CMakeFiles/main.dir/src/msc_bot.c.obj
 .bss.CBW       0x1000001c       0x20 CMakeFiles/main.dir/src/msc_bot.c.obj
 .bss.dwTransferSize
                0x1000003c        0x4 CMakeFiles/main.dir/src/msc_bot.c.obj
 .bss.eState    0x10000040        0x1 CMakeFiles/main.dir/src/msc_bot.c.obj
 *fill*         0x10000041        0x3 00
 .bss.pbData    0x10000044        0x4 CMakeFiles/main.dir/src/msc_bot.c.obj
 .bss.CSW       0x10000048       0x10 CMakeFiles/main.dir/src/msc_bot.c.obj
 .bss           0x10000058        0x0 CMakeFiles/main.dir/src/msc_scsi.c.obj
 .bss.abBlockBuf
                0x10000058      0x200 CMakeFiles/main.dir/src/msc_scsi.c.obj
 .bss.dwSense   0x10000258        0x4 CMakeFiles/main.dir/src/msc_scsi.c.obj
 .bss           0x1000025c        0x0 CMakeFiles/main.dir/src/msc_usb_start.c.obj
 .bss.abClassReqData
                0x1000025c        0x4 CMakeFiles/main.dir/src/msc_usb_start.c.obj
 .bss           0x10000260        0x0 CMakeFiles/main.dir/src/sbl_iap.c.obj
 .bss.flash_address
                0x10000260        0x4 CMakeFiles/main.dir/src/sbl_iap.c.obj
                0x10000260                flash_address
 .bss.byte_ctr  0x10000264        0x4 CMakeFiles/main.dir/src/sbl_iap.c.obj
                0x10000264                byte_ctr
 .bss           0x10000268        0x0 CMakeFiles/main.dir/src/blockdev_flash.c.obj
 .bss           0x10000268        0x0 CMakeFiles/main.dir/src/diskimage.c.obj
 .bss           0x10000268        0x0 CMakeFiles/main.dir/usbstack/src/usbcontrol.c.obj
 .bss.apfnReqHandlers
                0x10000268       0x10 CMakeFiles/main.dir/usbstack/src/usbcontrol.c.obj
 .bss.apbDataStore
                0x10000278       0x10 CMakeFiles/main.dir/usbstack/src/usbcontrol.c.obj
 .bss.Setup     0x10000288        0x8 CMakeFiles/main.dir/usbstack/src/usbcontrol.c.obj
 .bss.iResidue  0x10000290        0x4 CMakeFiles/main.dir/usbstack/src/usbcontrol.c.obj
 .bss.pbData    0x10000294        0x4 CMakeFiles/main.dir/usbstack/src/usbcontrol.c.obj
 .bss.iLen      0x10000298        0x4 CMakeFiles/main.dir/usbstack/src/usbcontrol.c.obj
 .bss           0x1000029c        0x0 CMakeFiles/main.dir/usbstack/src/usbhw_lpc.c.obj
 .bss._pfnFrameHandler
                0x1000029c        0x4 CMakeFiles/main.dir/usbstack/src/usbhw_lpc.c.obj
 .bss._pfnDevIntHandler
                0x100002a0        0x4 CMakeFiles/main.dir/usbstack/src/usbhw_lpc.c.obj
 .bss._apfnEPIntHandlers
                0x100002a4       0x40 CMakeFiles/main.dir/usbstack/src/usbhw_lpc.c.obj
 .bss           0x100002e4        0x0 CMakeFiles/main.dir/usbstack/src/usbinit.c.obj
 .bss.abStdReqData
                0x100002e4        0x8 CMakeFiles/main.dir/usbstack/src/usbinit.c.obj
 .bss           0x100002ec        0x0 CMakeFiles/main.dir/usbstack/src/usbstdreq.c.obj
 .bss.pfnHandleCustomReq
                0x100002ec        0x4 CMakeFiles/main.dir/usbstack/src/usbstdreq.c.obj
 .bss.pabDescrip
                0x100002f0        0x4 CMakeFiles/main.dir/usbstack/src/usbstdreq.c.obj
 .bss.bConfiguration
                0x100002f4        0x1 CMakeFiles/main.dir/usbstack/src/usbstdreq.c.obj
 .bss           0x100002f5        0x0 CMakeFiles/main.dir/mnt/dados/Works/ARM/code/CMSIS/src/core_cm3.c.obj
 .bss           0x100002f5        0x0 CMakeFiles/main.dir/mnt/dados/Works/ARM/code/CMSIS/src/system_lpc17xx.c.obj
 .bss           0x100002f5        0x0 CMakeFiles/main.dir/mnt/dados/Works/ARM/code/basefiles/startup_lpc17xx.c.obj
 .bss           0x100002f5        0x0 /opt/CodeSourcery/Sourcery_G++_Lite/bin/../lib/gcc/arm-none-eabi/4.5.2/../../../../arm-none-eabi/lib/thumb2/libc.a(lib_a-memcpy.o)
 .bss           0x100002f5        0x0 /opt/CodeSourcery/Sourcery_G++_Lite/bin/../lib/gcc/arm-none-eabi/4.5.2/thumb2/crtend.o
 .bss           0x100002f5        0x0 /opt/CodeSourcery/Sourcery_G++_Lite/bin/../lib/gcc/arm-none-eabi/4.5.2/thumb2/crtn.o
 *(COMMON)
 *fill*         0x100002f5        0x3 00
 COMMON         0x100002f8        0x4 CMakeFiles/main.dir/src/main.c.obj
                0x100002f8                user_flash_erased
 COMMON         0x100002fc      0x228 CMakeFiles/main.dir/src/sbl_iap.c.obj
                0x100002fc                param_table
                0x10000310                result_table
                0x10000324                flash_buf
 COMMON         0x10000524      0x600 CMakeFiles/main.dir/src/diskimage.c.obj
                0x10000524                Fat_RootDir
                0x10000b24                . = ALIGN (0x4)
                0x10000b24                _ebss = .
                0x10000b24                PROVIDE (end, .)
                0x10000b24                PROVIDE (_pvHeapStart, .)
                0x10007fe0                PROVIDE (_vStackTop, (__top_RamLoc32 - 0x0))
OUTPUT(main elf32-littlearm)

.ARM.attributes
                0x00000000       0x25
 .ARM.attributes
                0x00000000       0x19 /opt/CodeSourcery/Sourcery_G++_Lite/bin/../lib/gcc/arm-none-eabi/4.5.2/thumb2/crti.o
 .ARM.attributes
                0x00000019       0x29 /opt/CodeSourcery/Sourcery_G++_Lite/bin/../lib/gcc/arm-none-eabi/4.5.2/thumb2/crtbegin.o
 .ARM.attributes
                0x00000042       0x31 CMakeFiles/main.dir/src/main.c.obj
 .ARM.attributes
                0x00000073       0x31 CMakeFiles/main.dir/src/msc_bot.c.obj
 .ARM.attributes
                0x000000a4       0x31 CMakeFiles/main.dir/src/msc_scsi.c.obj
 .ARM.attributes
                0x000000d5       0x31 CMakeFiles/main.dir/src/msc_usb_start.c.obj
 .ARM.attributes
                0x00000106       0x31 CMakeFiles/main.dir/src/sbl_iap.c.obj
 .ARM.attributes
                0x00000137       0x31 CMakeFiles/main.dir/src/blockdev_flash.c.obj
 .ARM.attributes
                0x00000168       0x31 CMakeFiles/main.dir/src/diskimage.c.obj
 .ARM.attributes
                0x00000199       0x31 CMakeFiles/main.dir/usbstack/src/usbcontrol.c.obj
 .ARM.attributes
                0x000001ca       0x31 CMakeFiles/main.dir/usbstack/src/usbhw_lpc.c.obj
 .ARM.attributes
                0x000001fb       0x31 CMakeFiles/main.dir/usbstack/src/usbinit.c.obj
 .ARM.attributes
                0x0000022c       0x31 CMakeFiles/main.dir/usbstack/src/usbstdreq.c.obj
 .ARM.attributes
                0x0000025d       0x31 CMakeFiles/main.dir/mnt/dados/Works/ARM/code/CMSIS/src/core_cm3.c.obj
 .ARM.attributes
                0x0000028e       0x31 CMakeFiles/main.dir/mnt/dados/Works/ARM/code/CMSIS/src/system_lpc17xx.c.obj
 .ARM.attributes
                0x000002bf       0x31 CMakeFiles/main.dir/mnt/dados/Works/ARM/code/basefiles/startup_lpc17xx.c.obj
 .ARM.attributes
                0x000002f0       0x29 /opt/CodeSourcery/Sourcery_G++_Lite/bin/../lib/gcc/arm-none-eabi/4.5.2/../../../../arm-none-eabi/lib/thumb2/libc.a(lib_a-memcpy.o)
 .ARM.attributes
                0x00000319       0x29 /opt/CodeSourcery/Sourcery_G++_Lite/bin/../lib/gcc/arm-none-eabi/4.5.2/thumb2/crtend.o
 .ARM.attributes
                0x00000342       0x19 /opt/CodeSourcery/Sourcery_G++_Lite/bin/../lib/gcc/arm-none-eabi/4.5.2/thumb2/crtn.o

.comment        0x00000000       0x2a
 .comment       0x00000000       0x2a CMakeFiles/main.dir/src/main.c.obj
                                 0x2b (size before relaxing)
 .comment       0x00000000       0x2b CMakeFiles/main.dir/src/msc_bot.c.obj
 .comment       0x00000000       0x2b CMakeFiles/main.dir/src/msc_scsi.c.obj
 .comment       0x00000000       0x2b CMakeFiles/main.dir/src/msc_usb_start.c.obj
 .comment       0x00000000       0x2b CMakeFiles/main.dir/src/sbl_iap.c.obj
 .comment       0x00000000       0x2b CMakeFiles/main.dir/src/blockdev_flash.c.obj
 .comment       0x00000000       0x2b CMakeFiles/main.dir/src/diskimage.c.obj
 .comment       0x00000000       0x2b CMakeFiles/main.dir/usbstack/src/usbcontrol.c.obj
 .comment       0x00000000       0x2b CMakeFiles/main.dir/usbstack/src/usbhw_lpc.c.obj
 .comment       0x00000000       0x2b CMakeFiles/main.dir/usbstack/src/usbinit.c.obj
 .comment       0x00000000       0x2b CMakeFiles/main.dir/usbstack/src/usbstdreq.c.obj
 .comment       0x00000000       0x2b CMakeFiles/main.dir/mnt/dados/Works/ARM/code/CMSIS/src/core_cm3.c.obj
 .comment       0x00000000       0x2b CMakeFiles/main.dir/mnt/dados/Works/ARM/code/CMSIS/src/system_lpc17xx.c.obj
 .comment       0x00000000       0x2b CMakeFiles/main.dir/mnt/dados/Works/ARM/code/basefiles/startup_lpc17xx.c.obj

.debug_frame    0x00000000       0x30
 .debug_frame   0x00000000       0x30 /opt/CodeSourcery/Sourcery_G++_Lite/bin/../lib/gcc/arm-none-eabi/4.5.2/../../../../arm-none-eabi/lib/thumb2/libc.a(lib_a-memcpy.o)
